Tech node (nm), Capacity (bytes), Number of banks, Associativity, Output width (bits), Access time (ns), Random cycle time (ns), Dynamic search energy (nJ), Dynamic read energy (nJ), Dynamic write energy (nJ), Standby leakage per bank(mW), Area (mm2), Ndwl, Ndbl, Nspd, Ndcm, Ndsam_level_1, Ndsam_level_2, Data arrary area efficiency %, Ntwl, Ntbl, Ntspd, Ntcm, Ntsam_level_1, Ntsam_level_2, Tag arrary area efficiency %, 
22, 65536, 1, 8, 512, 0.811729, 1.37766, N/A, 0.0835001, 0.0865676, 22.407, 0.227256, 4, 2, 1, 1, 8, 1, 19.0462, 2, 2, 0.5, 1, 1, 1, 74.7004, 
22, 65536, 1, 8, 512, 1.78953, 1.21884, N/A, 0.589612, 0.605538, 42.6208, 1.61605, 8, 2, 1, 1, 8, 1, 13.577, 2, 2, 0.5, 1, 1, 1, 74.7504, 
22, 65536, 1, 8, 512, 1.78953, 1.21884, N/A, 0.58954, 0.604574, 42.3138, 1.61592, 8, 2, 0.888889, 1, 8, 1, 13.577, 2, 2, 0.5, 1, 1, 1, 74.2083, 
22, 65536, 1, 8, 512, 1.78953, 1.21884, N/A, 0.58954, 0.604574, 42.3138, 1.61592, 8, 2, 0.888889, 1, 8, 1, 13.577, 2, 2, 0.5, 1, 1, 1, 74.2083, 
22, 32768, 1, 8, 512, 1.73625, 1.17058, N/A, 0.584115, 0.590521, 25.3644, 1.4986, 8, 2, 0.888889, 1, 8, 1, 7.32666, 2, 2, 0.5, 1, 1, 1, 67.5905, 
22, 32768, 1, 8, 512, 1.73625, 1.17058, N/A, 0.58419, 0.591053, 25.5186, 1.4987, 8, 2, 1, 1, 8, 1, 7.32666, 2, 2, 0.5, 1, 1, 1, 68.6185, 
